../Drivers/CMSIS/Include/core_cm4.h:2059:26:ITM_SendChar	16	static,ignoring_inline_asm
../Core/Src/main.c:108:5:_write	32	static
../Core/Src/main.c:123:5:main	8	static
../Core/Src/main.c:217:6:SystemClock_Config	88	static
../Core/Src/main.c:264:13:MX_ADC1_Init	56	static
../Core/Src/main.c:332:13:MX_ADC2_Init	40	static
../Core/Src/main.c:391:13:MX_SPI2_Init	8	static
../Core/Src/main.c:431:13:MX_GPIO_Init	40	static
../Core/Src/main.c:483:6:Start_task_read_sensors	48	static
../Core/Src/main.c:557:6:StartBlink02	16	static
../Core/Src/main.c:579:6:HAL_TIM_PeriodElapsedCallback	16	static
../Core/Src/main.c:596:6:Error_Handler	4	static,ignoring_inline_asm
